// Jest Snapshot v1, https://goo.gl/fbAQLP

exports[`<About /> should render correctly 1`] = `
<div>
  <h1>
    About Page
  </h1>
</div>
`;
