// Jest Snapshot v1, https://goo.gl/fbAQLP

exports[`<AuthForm /> should render correctly 1`] = `
<div>
  <h1>
    Register
  </h1>
  <hr />
  <form>
    <div
      className="form-group"
    >
      <input
        className="form-control input-lg"
        name="email"
        onChange={[Function]}
        placeholder="Email Address"
        required={true}
        type="email"
        value=""
      />
    </div>
    <div
      className="form-group"
    >
      <input
        className="form-control input-lg"
        name="username"
        onChange={[Function]}
        placeholder="Username"
        required={true}
        type="text"
        value=""
      />
    </div>
    <div
      className="form-group"
    >
      <input
        className="form-control input-lg"
        name="password"
        onChange={[Function]}
        placeholder="Password"
        required={true}
        type="password"
        value=""
      />
    </div>
    <input
      className="btn btn-primary btn-lg btn-block"
      type="submit"
      value="Submit"
    />
  </form>
</div>
`;
